/players/quantos/desert/des_ent
/players/quantos/desert/desert1^MY_DIR^north
/players/quantos/desert/des_ent^MY_DIR^south
/room/orc_dump^MY_DIR^south
/players/wren/Area/coastline/path^MY_DIR^west
/players/wren/Area/coastline/pass^MY_DIR^west
/players/wren/Area/coastline/path^MY_DIR^east
/room/orc_dump^MY_DIR^east
/room/orc_vall^MY_DIR^east
/room/orc_dump^MY_DIR^west
/players/wren/Area/coastline/path^MY_DIR^west
/players/wren/Area/coastline/pass^MY_DIR^west
/players/wren/Area/coastline/path^MY_DIR^east
/players/wren/Area/coastline/pass^MY_DIR^west
/players/wren/Area/coastline/path^MY_DIR^east
/room/orc_dump^MY_DIR^east
/room/orc_vall^MY_DIR^east
/room/orc_dump^MY_DIR^west
/room/orc_vall^MY_DIR^east
/room/orc_dump^MY_DIR^west
/room/orc_vall^MY_DIR^east
/room/orc_dump^MY_DIR^west
/players/wren/Area/coastline/path^MY_DIR^west
/room/orc_dump^MY_DIR^east
/players/wren/Area/coastline/path^MY_DIR^west
/room/orc_dump^MY_DIR^east
/room/orc_vall^MY_DIR^east
/room/orc_dump^MY_DIR^west
/players/wren/Area/coastline/path^MY_DIR^west
/players/wren/Area/coastline/pass^MY_DIR^west
/players/wren/Area/coastline/mountain^MY_DIR^west
/players/wren/Area/coastline/mountain2^MY_DIR^south
/players/wren/Area/coastline/coast2^MY_DIR^southwest
/players/wren/Area/coastline/coast3^MY_DIR^south
/players/wren/Area/coastline/coast2^MY_DIR^north
/players/wren/Area/coastline/coast3^MY_DIR^south
/players/wren/Area/coastline/coast2^MY_DIR^north
/players/wren/Area/coastline/coast3^MY_DIR^south
/players/wren/Area/coastline/coast2^MY_DIR^north
/players/wren/Area/coastline/mountain2^MY_DIR^northeast
/players/wren/Area/coastline/coast1^MY_DIR^west
/players/wren/Area/coastline/mountain2^MY_DIR^east
/players/wren/Area/coastline/coast1^MY_DIR^west
/players/wren/Area/coastline/mountain2^MY_DIR^east
/players/wren/Area/coastline/coast1^MY_DIR^west
/players/wren/Area/coastline/mountain2^MY_DIR^east
/players/wren/Area/coastline/coast2^MY_DIR^southwest
/players/wren/Area/coastline/mountain2^MY_DIR^northeast
/players/wren/Area/coastline/coast1^MY_DIR^west
/players/wren/Area/coastline/mountain2^MY_DIR^east
/players/wren/Area/coastline/mountain^MY_DIR^north
/players/wren/Area/coastline/mountain2^MY_DIR^south
/players/wren/Area/coastline/coast2^MY_DIR^southwest
/players/wren/Area/coastline/coast3^MY_DIR^south
/players/wren/Area/coastline/coast2^MY_DIR^north
/players/wren/Area/coastline/coast3^MY_DIR^south
/players/wren/Area/coastline/coast2^MY_DIR^north
/players/wren/Area/coastline/coast3^MY_DIR^south
/players/wren/Area/coastline/coast2^MY_DIR^north
/players/wren/Area/coastline/coast3^MY_DIR^south
/players/wren/Area/coastline/coast2^MY_DIR^north
/players/wren/Area/coastline/mountain2^MY_DIR^northeast
/players/wren/Area/coastline/coast1^MY_DIR^west
/players/wren/Area/coastline/mountain2^MY_DIR^east
/players/wren/Area/coastline/coast1^MY_DIR^west
/players/wren/Area/coastline/mountain2^MY_DIR^east
/players/wren/Area/coastline/mountain^MY_DIR^north
/players/wren/Area/coastline/mountain2^MY_DIR^south
